// Jest Snapshot v1, https://goo.gl/fbAQLP

exports[`taxbracket renders correctly 1`] = `
<div>
  <h4
    className="MuiTypography-root MuiTypography-h4"
  >
    Income Tax Brackets
  </h4>
  <h6
    className="MuiTypography-root MuiTypography-subtitle1"
  >
    Indonesian Tax Rates
  </h6>
  <ol>
    <li>
      <p
        className="MuiTypography-root MuiTypography-body1"
      >
        Annual Income from 0 to 50.000.000 IDR - tax rate is 5 %.
      </p>
    </li>
    <li>
      <p
        className="MuiTypography-root MuiTypography-body1"
      >
        Annual Income from 50.000.000 to 250.000.000 IDR - tax rate is 15 %.
      </p>
    </li>
    <li>
      <p
        className="MuiTypography-root MuiTypography-body1"
      >
        Annual Income from 250.000.000 to 500.000.000 IDR - tax rate is 25 %.
      </p>
    </li>
    <li>
      <p
        className="MuiTypography-root MuiTypography-body1"
      >
        Annual Income above 500.000.000 IDR - tax rate is 30 %.
      </p>
    </li>
  </ol>
</div>
`;
